// Jest Snapshot v1, https://goo.gl/fbAQLP

exports[`Spinner UI component Component match snapshot 1`] = `
<div
  className="spinner"
>
  <div />
  <div />
  <div />
  <div />
  <div />
  <div />
  <div />
  <div />
  <div />
  <div />
  <div />
  <div />
</div>
`;
